// Jest Snapshot v1, https://goo.gl/fbAQLP

exports[`SkuTable renders without crashing 1`] = `
<div>
  <tr
    class="MuiTableRow-root css-1xtozoh-MuiTableRow-root"
  >
    <td
      class="MuiTableCell-root MuiTableCell-sizeMedium css-141kssz-MuiTableCell-root"
      colspan="7"
      style="padding-bottom: 0px; padding-top: 0px;"
    >
      <div
        class="MuiCollapse-root MuiCollapse-vertical MuiCollapse-entered css-qr6njo-MuiCollapse-root"
        style="min-height: 0px;"
      >
        <div
          class="MuiCollapse-wrapper MuiCollapse-vertical css-1x6hinx-MuiCollapse-wrapper"
        >
          <div
            class="MuiCollapse-wrapperInner MuiCollapse-vertical css-1i4ywhz-MuiCollapse-wrapperInner"
          >
            <table
              class="MuiTable-root css-1xwxv7r-MuiTable-root"
            >
              <thead
                class="MuiTableHead-root css-1a7iywq-MuiTableHead-root"
              >
                <tr
                  class="MuiTableRow-root MuiTableRow-head css-1xtozoh-MuiTableRow-root"
                >
                  <th
                    class="MuiTableCell-root MuiTableCell-head MuiTableCell-sizeSmall css-g6bqb5-MuiTableCell-root"
                    scope="col"
                  >
                    SKU
                  </th>
                  <th
                    class="MuiTableCell-root MuiTableCell-head MuiTableCell-sizeSmall css-g6bqb5-MuiTableCell-root"
                    scope="col"
                  >
                    Title
                  </th>
                  <th
                    class="MuiTableCell-root MuiTableCell-head MuiTableCell-sizeSmall css-g6bqb5-MuiTableCell-root"
                    scope="col"
                  >
                    Orders
                  </th>
                  <th
                    class="MuiTableCell-root MuiTableCell-head MuiTableCell-sizeSmall css-g6bqb5-MuiTableCell-root"
                    scope="col"
                  >
                    Returns
                  </th>
                </tr>
              </thead>
              <tbody
                class="MuiTableBody-root css-gmh7jj-MuiTableBody-root"
              >
                <tr
                  class="MuiTableRow-root css-1xtozoh-MuiTableRow-root"
                >
                  <td
                    class="MuiTableCell-root MuiTableCell-body MuiTableCell-sizeSmall css-jiabcu-MuiTableCell-root"
                  >
                    sku1
                  </td>
                  <td
                    class="MuiTableCell-root MuiTableCell-body MuiTableCell-sizeSmall css-jiabcu-MuiTableCell-root"
                  >
                    Product 1
                  </td>
                  <td
                    class="MuiTableCell-root MuiTableCell-body MuiTableCell-sizeSmall css-jiabcu-MuiTableCell-root"
                  >
                    10
                  </td>
                  <td
                    class="MuiTableCell-root MuiTableCell-body MuiTableCell-sizeSmall css-jiabcu-MuiTableCell-root"
                  >
                    2
                  </td>
                </tr>
                <tr
                  class="MuiTableRow-root css-1xtozoh-MuiTableRow-root"
                >
                  <td
                    class="MuiTableCell-root MuiTableCell-body MuiTableCell-sizeSmall css-jiabcu-MuiTableCell-root"
                  >
                    sku2
                  </td>
                  <td
                    class="MuiTableCell-root MuiTableCell-body MuiTableCell-sizeSmall css-jiabcu-MuiTableCell-root"
                  >
                    Product 2
                  </td>
                  <td
                    class="MuiTableCell-root MuiTableCell-body MuiTableCell-sizeSmall css-jiabcu-MuiTableCell-root"
                  >
                    5
                  </td>
                  <td
                    class="MuiTableCell-root MuiTableCell-body MuiTableCell-sizeSmall css-jiabcu-MuiTableCell-root"
                  >
                    1
                  </td>
                </tr>
              </tbody>
            </table>
          </div>
        </div>
      </div>
    </td>
  </tr>
</div>
`;
